Microchip MPLAB XC8 Compiler V2.46

Linker command line:

-W-3 \
  --edf=C:\Program Files\Microchip\xc8\v2.46\pic\dat\20240104201356_en.msgs \
  -cn -h+dist/default/production\CarBlackBox.X.production.sym \
  --cmf=dist/default/production\CarBlackBox.X.production.cmf -z -Q16F877A \
  -oC:\Users\USER\AppData\Local\Temp\xcAs22g.\driver_tmp_3.o \
  --defsym=__MPLAB_BUILD=1 --fixupoverflow=error \
  -Mdist/default/production/CarBlackBox.X.production.map \
  --md=C:\Users\USER\AppData\Local\Temp\xcAs22g.\driver_tmp_0.dat -E1 \
  -ver=XC8 Compiler --acfsm=1493 -ACODE=00h-07FFhx4 -ASTRCODE=00h-01FFFh \
  -ASTRING=00h-0FFhx32 -ACONST=00h-0FFhx32 -AENTRY=00h-0FFhx32 \
  -ACOMMON=070h-07Fh -ABANK0=020h-06Fh -ABANK1=0A0h-0EFh \
  -ABANK2=0110h-016Fh -ABANK3=0190h-01EFh \
  -ARAM=020h-06Fh,0A0h-0EFh,0110h-016Fh,0190h-01EFh \
  -AABS1=020h-07Fh,0A0h-0EFh,0110h-016Fh,0190h-01EFh -ASFR0=00h-01Fh \
  -ASFR1=080h-09Fh -ASFR2=0100h-010Fh -ASFR3=0180h-018Fh \
  -ACONFIG=02007h-02007h -DCONFIG=2 -AIDLOC=02000h-02003h -DIDLOC=2 \
  -AEEDATA=00h-0FFh/02100h -peeprom_data=EEDATA -DEEDATA=2 -DCODE=2 \
  -DSTRCODE=2 -DSTRING=2 -DCONST=2 -DENTRY=2 \
  -preset_vec=00h,intentry=04h,sivt,init,end_init -ppowerup=CODE \
  -pcinit=CODE -pfunctab=ENTRY -k \
  C:\Users\USER\AppData\Local\Temp\xcAs22g.\driver_tmp_12.o \
  dist/default/production\CarBlackBox.X.production.o 

Object code version is 3.11

Machine type is 16F877A



                Name                               Link     Load   Length Selector   Space Scale
C:\Users\USER\AppData\Local\Temp\xcAs22g.\driver_tmp_12.o
                end_init                              C        C        3        8       0
                reset_vec                             0        0        3        0       0
                config                             2007     2007        1        0       4
dist/default/production\CarBlackBox.X.production.o
                cinit                                 F        F       3A        8       0
                intentry                              4        4        8        8       0
                config                             2007     2007        1        0       4
                text50                             16AB     16AB       32     2D56       0
                text49                             17BA     17BA       46     2F74       0
                text48                             1745     1745       3A     2E8A       0
                text47                             1530     1530       25     2A60       0
                text46                             170F     170F       36     2E1E       0
                text45                             167C     167C       2F     2CF8       0
                text44                             146D     146D       15     28DA       0
                text43                             140A     140A        D     2814       0
                text42                             14EC     14EC       21     29D8       0
                text41                             13D7     13D7        9     27AE       0
                text40                             13E0     13E0        9     27C0       0
                text39                             13E9     13E9        B     27D2       0
                text38                             13F4     13F4        B     27E8       0
                text37                             15A2     15A2       2B     2B44       0
                text36                              97E      97E       4D     12FC       0
                text35                             14B0     14B0       1E     2960       0
                text34                               49       49      2CE        8       0
                text33                             1424     1424       11     2848       0
                text32                             157B     157B       27     2AF6       0
                text31                              BDB      BDB       67     17B6       0
                text30                              B1F      B1F       59     163E       0
                text29                              A1B      A1B       56     1436       0
                text28                              A71      A71       57     14E2       0
                text27                             1482     1482       15     2904       0
                text26                             15CD     15CD       2B     2B9A       0
                text25                             13FF     13FF        B     27FE       0
                text24                             1555     1555       26     2AAA       0
                text23                              EE4      EE4      11C     1DC8       0
                text22                             13C8     13C8        7     2790       0
                text21                              B78      B78       63     16F0       0
                text20                              973      973        B     12E6       0
                text19                              7FA      7FA        6        8       0
                text18                             1447     1447       13     288E       0
                text17                              C42      C42       68     1884       0
                text16                             16DD     16DD       32     2DBA       0
                text15                             1417     1417        D     282E       0
                text14                             15F8     15F8       2B     2BF0       0
                text13                             14CE     14CE       1E     299C       0
                text12                             164F     164F       2D     2C9E       0
                text11                             1623     1623       2C     2C46       0
                text10                             177F     177F       3B     2EFE       0
                text9                               AC8      AC8       57     1590       0
                text8                               9CB      9CB       50     1396       0
                text7                               59F      59F      19E        8       0
                text6                               D2F      D2F       9F     1A5E       0
                text5                              1435     1435       12     286A       0
                text4                               CAA      CAA       85     1954       0
                text3                              150D     150D       23     2A1A       0
                text2                               DCE      DCE      116     1B9C       0
                text1                               73D      73D       BD        8       0
                maintext                            317      317      288        8       0
                cstackBANK0                          20       20       2B       20       1
                cstackCOMMON                         70       70        A       70       1
                clrtext                            13CF     13CF        8     279E       0
                inittext                           145A     145A       13     28B4       0
                dataBANK1                            A0       A0       19       A0       1
                bssBANK1                             B9       B9        F       A0       1
                dataBANK0                            6E       6E        2       20       1
                bssBANK0                             4B       4B       23       20       1
                dataCOMMON                           7A       7A        2       70       1
                stringtext                          800      800      172       10       0
                strings                            1000     1000       12     2000       0
                idataBANK1                         1497     1497       19     292E       0
                idataBANK0                         13C4     13C4        2     2788       0
                idataCOMMON                        13C6     13C6        2     278C       0

TOTAL           Name                               Link     Load   Length     Space
        CLASS   CODE           
                end_init                              C        C        3         0
                cinit                                 F        F       3A         0
                intentry                              4        4        8         0
                reset_vec                             0        0        3         0
                text50                             16AB     16AB       32         0
                text49                             17BA     17BA       46         0
                text48                             1745     1745       3A         0
                text47                             1530     1530       25         0
                text46                             170F     170F       36         0
                text45                             167C     167C       2F         0
                text44                             146D     146D       15         0
                text43                             140A     140A        D         0
                text42                             14EC     14EC       21         0
                text41                             13D7     13D7        9         0
                text40                             13E0     13E0        9         0
                text39                             13E9     13E9        B         0
                text38                             13F4     13F4        B         0
                text37                             15A2     15A2       2B         0
                text36                              97E      97E       4D         0
                text35                             14B0     14B0       1E         0
                text34                               49       49      2CE         0
                text33                             1424     1424       11         0
                text32                             157B     157B       27         0
                text31                              BDB      BDB       67         0
                text30                              B1F      B1F       59         0
                text29                              A1B      A1B       56         0
                text28                              A71      A71       57         0
                text27                             1482     1482       15         0
                text26                             15CD     15CD       2B         0
                text25                             13FF     13FF        B         0
                text24                             1555     1555       26         0
                text23                              EE4      EE4      11C         0
                text22                             13C8     13C8        7         0
                text21                              B78      B78       63         0
                text20                              973      973        B         0
                text19                              7FA      7FA        6         0
                text18                             1447     1447       13         0
                text17                              C42      C42       68         0
                text16                             16DD     16DD       32         0
                text15                             1417     1417        D         0
                text14                             15F8     15F8       2B         0
                text13                             14CE     14CE       1E         0
                text12                             164F     164F       2D         0
                text11                             1623     1623       2C         0
                text10                             177F     177F       3B         0
                text9                               AC8      AC8       57         0
                text8                               9CB      9CB       50         0
                text7                               59F      59F      19E         0
                text6                               D2F      D2F       9F         0
                text5                              1435     1435       12         0
                text4                               CAA      CAA       85         0
                text3                              150D     150D       23         0
                text2                               DCE      DCE      116         0
                text1                               73D      73D       BD         0
                maintext                            317      317      288         0
                clrtext                            13CF     13CF        8         0
                inittext                           145A     145A       13         0
                idataBANK1                         1497     1497       19         0
                idataBANK0                         13C4     13C4        2         0
                idataCOMMON                        13C6     13C6        2         0

        CLASS   STRCODE        
                stringtext                          800      800      172         0

        CLASS   STRING         
                strings                            1000     1000       12         0

        CLASS   CONST          

        CLASS   ENTRY          

        CLASS   COMMON         
                cstackCOMMON                         70       70        A         1
                dataCOMMON                           7A       7A        2         1

        CLASS   BANK0          
                cstackBANK0                          20       20       2B         1
                dataBANK0                            6E       6E        2         1
                bssBANK0                             4B       4B       23         1

        CLASS   BANK1          
                dataBANK1                            A0       A0       19         1
                bssBANK1                             B9       B9        F         1

        CLASS   BANK2          

        CLASS   BANK3          

        CLASS   RAM            

        CLASS   ABS1           
                abs_s1                               7E       7E        2         1

        CLASS   SFR0           

        CLASS   SFR1           

        CLASS   SFR2           

        CLASS   SFR3           

        CLASS   CONFIG         
                config                             2007     2007        1         4

        CLASS   IDLOC          

        CLASS   EEDATA         

        CLASS   HEAP           

        CLASS   STACK          



SEGMENTS        Name                           Load    Length   Top    Selector   Space  Class     Delta

                reset_vec                      000000  000003  000003         0       0  CODE        2
                intentry                       000004  0007FC  000800         8       0  CODE        2
                cstackBANK0                    000020  000050  000070        20       1  BANK0       1
                cstackCOMMON                   000070  00000C  00007C        70       1  COMMON      1
                dataBANK1                      0000A0  000028  0000C8        A0       1  BANK1       1
                stringtext                     000800  000172  000972        10       0  STRCODE     2
                text20                         000973  00000B  00097E      12E6       0  CODE        2
                text36                         00097E  00004D  0009CB      12FC       0  CODE        2
                text8                          0009CB  000050  000A1B      1396       0  CODE        2
                text29                         000A1B  000056  000A71      1436       0  CODE        2
                text28                         000A71  000057  000AC8      14E2       0  CODE        2
                text9                          000AC8  000057  000B1F      1590       0  CODE        2
                text30                         000B1F  000059  000B78      163E       0  CODE        2
                text21                         000B78  000063  000BDB      16F0       0  CODE        2
                text31                         000BDB  000067  000C42      17B6       0  CODE        2
                text17                         000C42  000068  000CAA      1884       0  CODE        2
                text4                          000CAA  000085  000D2F      1954       0  CODE        2
                text6                          000D2F  00009F  000DCE      1A5E       0  CODE        2
                text2                          000DCE  000116  000EE4      1B9C       0  CODE        2
                text23                         000EE4  00011C  001000      1DC8       0  CODE        2
                strings                        001000  000012  001012      2000       0  STRING      2
                idataBANK0                     0013C4  000002  0013C6      2788       0  CODE        2
                idataCOMMON                    0013C6  000002  0013C8      278C       0  CODE        2
                text22                         0013C8  000007  0013CF      2790       0  CODE        2
                clrtext                        0013CF  000008  0013D7      279E       0  CODE        2
                text41                         0013D7  000009  0013E0      27AE       0  CODE        2
                text40                         0013E0  000009  0013E9      27C0       0  CODE        2
                text39                         0013E9  00000B  0013F4      27D2       0  CODE        2
                text38                         0013F4  00000B  0013FF      27E8       0  CODE        2
                text25                         0013FF  00000B  00140A      27FE       0  CODE        2
                text43                         00140A  00000D  001417      2814       0  CODE        2
                text15                         001417  00000D  001424      282E       0  CODE        2
                text33                         001424  000011  001435      2848       0  CODE        2
                text5                          001435  000012  001447      286A       0  CODE        2
                text18                         001447  000013  00145A      288E       0  CODE        2
                inittext                       00145A  000013  00146D      28B4       0  CODE        2
                text44                         00146D  000015  001482      28DA       0  CODE        2
                text27                         001482  000015  001497      2904       0  CODE        2
                idataBANK1                     001497  000019  0014B0      292E       0  CODE        2
                text35                         0014B0  00001E  0014CE      2960       0  CODE        2
                text13                         0014CE  00001E  0014EC      299C       0  CODE        2
                text42                         0014EC  000021  00150D      29D8       0  CODE        2
                text3                          00150D  000023  001530      2A1A       0  CODE        2
                text47                         001530  000025  001555      2A60       0  CODE        2
                text24                         001555  000026  00157B      2AAA       0  CODE        2
                text32                         00157B  000027  0015A2      2AF6       0  CODE        2
                text37                         0015A2  00002B  0015CD      2B44       0  CODE        2
                text26                         0015CD  00002B  0015F8      2B9A       0  CODE        2
                text14                         0015F8  00002B  001623      2BF0       0  CODE        2
                text11                         001623  00002C  00164F      2C46       0  CODE        2
                text12                         00164F  00002D  00167C      2C9E       0  CODE        2
                text45                         00167C  00002F  0016AB      2CF8       0  CODE        2
                text50                         0016AB  000032  0016DD      2D56       0  CODE        2
                text16                         0016DD  000032  00170F      2DBA       0  CODE        2
                text46                         00170F  000036  001745      2E1E       0  CODE        2
                text48                         001745  00003A  00177F      2E8A       0  CODE        2
                text10                         00177F  00003B  0017BA      2EFE       0  CODE        2
                text49                         0017BA  000046  001800      2F74       0  CODE        2


UNUSED ADDRESS RANGES

        Name                Unused          Largest block    Delta
        BANK1            00C8-00EF             28           1
        BANK2            0110-016F             60           1
        BANK3            0190-01EF             60           1
        CODE             0003-0003              1           2
                         0972-0972              1
                         1012-13C3            3B2
                         1800-1FFF            800
        COMMON           007C-007D              2           1
        CONST            0003-0003              1           2
                         0972-0972              1
                         1012-13C3            100
                         1800-1FFF            100
        EEDATA           2100-21FF            100           2
        ENTRY            0003-0003              1           2
                         0972-0972              1
                         1012-13C3            100
                         1800-1FFF            100
        IDLOC            2000-2003              4           2
        RAM              00C8-00EF             28           1
                         0110-016F             60
                         0190-01EF             60
        SFR0             0000-001F             20           1
        SFR1             0080-009F             20           1
        SFR2             0100-010F             10           1
        SFR3             0180-018F             10           1
        STRCODE          0003-0003              1           2
                         0972-0972              1
                         1012-13C3            3B2
                         1800-1FFF            800
        STRING           0003-0003              1           2
                         0972-0972              1
                         1012-13C3            100
                         1800-1FFF            100

                                  Symbol Table

?___awdiv                          cstackCOMMON 0072
?___awmod                          cstackCOMMON 0072
?___lldiv                          cstackCOMMON 0072
?___lwdiv                          cstackCOMMON 0076
?___lwmod                          cstackCOMMON 0072
?___wmul                           cstackCOMMON 0072
?_change_time                      cstackBANK0  0025
?_read_adc                         cstackCOMMON 0072
?_strncmp                          cstackCOMMON 0072
_ACKDT                             (abs)        048D
_ACKEN                             (abs)        048C
_ACKSTAT                           (abs)        048E
_ADFM                              (abs)        04FF
_ADON                              (abs)        00F8
_ADRESH                            (abs)        001E
_ADRESL                            (abs)        009E
_CREN                              (abs)        00C4
_GIE                               (abs)        005F
_GO                                (abs)        00FA
_PEIE                              (abs)        005E
_PEN                               (abs)        048A
_PORTB                             (abs)        0006
_PORTD                             (abs)        0008
_PR2                               (abs)        0092
_PSA                               (abs)        040B
_RCEN                              (abs)        048B
_RCIF                              (abs)        0065
_RCREG                             (abs)        001A
_RE1                               (abs)        0049
_RE2                               (abs)        004A
_R_nW                              (abs)        04A2
_SEN                               (abs)        0488
_SPBRG                             (abs)        0099
_SPEN                              (abs)        00C7
_SSPADD                            (abs)        0093
_SSPBUF                            (abs)        0013
_SSPCON2                           (abs)        0091
_SSPEN                             (abs)        00A5
_SSPM3                             (abs)        00A3
_T0CS                              (abs)        040D
_T2CKPS0                           (abs)        0090
_T2CKPS1                           (abs)        0091
_TMR0                              (abs)        0001
_TMR0IE                            (abs)        005D
_TMR2IE                            (abs)        0461
_TMR2IF                            (abs)        0061
_TMR2ON                            (abs)        0092
_TRISB                             (abs)        0086
_TRISD                             (abs)        0088
_TRISE1                            (abs)        0449
_TRISE2                            (abs)        044A
_TXIF                              (abs)        0064
_TXREG                             (abs)        0019
__H__absolute__                    __absolute__ 0000
__Habs1                            abs1         0000
__Hbank0                           bank0        0000
__Hbank1                           bank1        0000
__Hbank2                           bank2        0000
__Hbank3                           bank3        0000
__HbssBANK0                        bssBANK0     0000
__HbssBANK1                        bssBANK1     0000
__Hcinit                           cinit        0049
__Hclrtext                         clrtext      0000
__Hcode                            code         0000
__Hcommon                          common       0000
__Hconfig                          config       2008
__HcstackBANK0                     cstackBANK0  0000
__HcstackCOMMON                    cstackCOMMON 0000
__HdataBANK0                       dataBANK0    0000
__HdataBANK1                       dataBANK1    0000
__HdataCOMMON                      dataCOMMON   0000
__Heeprom_data                     eeprom_data  0000
__Hend_init                        end_init     000F
__Hfunctab                         functab      0000
__Hheap                            heap         0000
__HidataBANK0                      idataBANK0   0000
__HidataBANK1                      idataBANK1   0000
__HidataCOMMON                     idataCOMMON  0000
__Hinit                            init         000C
__Hinittext                        inittext     0000
__Hintentry                        intentry     000C
__Hmaintext                        maintext     0000
__Hpowerup                         powerup      0000
__Hram                             ram          0000
__Hreset_vec                       reset_vec    0003
__Hsfr0                            sfr0         0000
__Hsfr1                            sfr1         0000
__Hsfr2                            sfr2         0000
__Hsfr3                            sfr3         0000
__Hsivt                            sivt         000C
__Hspace_0                         (abs)        1800
__Hspace_1                         (abs)        00C8
__Hspace_2                         (abs)        0000
__Hspace_3                         (abs)        0000
__Hspace_4                         (abs)        400F
__Hstack                           stack        0000
__Hstrings                         strings      0000
__Hstringtext                      stringtext   0000
__Htext                            text         0000
__L__absolute__                    __absolute__ 0000
__Labs1                            abs1         0000
__Lbank0                           bank0        0000
__Lbank1                           bank1        0000
__Lbank2                           bank2        0000
__Lbank3                           bank3        0000
__LbssBANK0                        bssBANK0     0000
__LbssBANK1                        bssBANK1     0000
__Lcinit                           cinit        000F
__Lclrtext                         clrtext      0000
__Lcode                            code         0000
__Lcommon                          common       0000
__Lconfig                          config       0000
__LcstackBANK0                     cstackBANK0  0000
__LcstackCOMMON                    cstackCOMMON 0000
__LdataBANK0                       dataBANK0    0000
__LdataBANK1                       dataBANK1    0000
__LdataCOMMON                      dataCOMMON   0000
__Leeprom_data                     eeprom_data  0000
__Lend_init                        end_init     000C
__Lfunctab                         functab      0000
__Lheap                            heap         0000
__LidataBANK0                      idataBANK0   0000
__LidataBANK1                      idataBANK1   0000
__LidataCOMMON                     idataCOMMON  0000
__Linit                            init         000C
__Linittext                        inittext     0000
__Lintentry                        intentry     0004
__Lmaintext                        maintext     0000
__Lpowerup                         powerup      0000
__Lram                             ram          0000
__Lreset_vec                       reset_vec    0000
__Lsfr0                            sfr0         0000
__Lsfr1                            sfr1         0000
__Lsfr2                            sfr2         0000
__Lsfr3                            sfr3         0000
__Lsivt                            sivt         000C
__Lspace_0                         (abs)        0000
__Lspace_1                         (abs)        0000
__Lspace_2                         (abs)        0000
__Lspace_3                         (abs)        0000
__Lspace_4                         (abs)        0000
__Lstack                           stack        0000
__Lstrings                         strings      0000
__Lstringtext                      stringtext   0000
__Ltext                            text         0000
__S0                               (abs)        1800
__S1                               (abs)        00C8
__S3                               (abs)        0000
___awdiv                           text31       0BDB
___awdiv@counter                   cstackCOMMON 0076
___awdiv@dividend                  cstackCOMMON 0074
___awdiv@divisor                   cstackCOMMON 0072
___awdiv@quotient                  cstackCOMMON 0078
___awdiv@sign                      cstackCOMMON 0077
___awmod                           text30       0B1F
___awmod@counter                   cstackCOMMON 0076
___awmod@dividend                  cstackCOMMON 0074
___awmod@divisor                   cstackCOMMON 0072
___awmod@sign                      cstackCOMMON 0077
___bmul                            text27       1482
___bmul@multiplicand               cstackCOMMON 0072
___bmul@multiplier                 cstackCOMMON 0074
___bmul@product                    cstackCOMMON 0073
___heap_hi                         (abs)        0000
___heap_lo                         (abs)        0000
___int_sp                          stack        0000
___int_stack_hi                    stack        0000
___int_stack_lo                    stack        0000
___latbits                         (abs)        0002
___lldiv                           text17       0C42
___lldiv@counter                   cstackBANK0  0025
___lldiv@dividend                  cstackCOMMON 0076
___lldiv@divisor                   cstackCOMMON 0072
___lldiv@quotient                  cstackBANK0  0021
___lwdiv                           text49       17BA
___lwdiv@counter                   cstackBANK0  0022
___lwdiv@dividend                  cstackCOMMON 0078
___lwdiv@divisor                   cstackCOMMON 0076
___lwdiv@quotient                  cstackBANK0  0020
___lwmod                           text48       1745
___lwmod@counter                   cstackCOMMON 0076
___lwmod@dividend                  cstackCOMMON 0074
___lwmod@divisor                   cstackCOMMON 0072
___sp                              stack        0000
___stack_hi                        stack        0000
___stack_lo                        stack        0000
___stackhi                         (abs)        0000
___stacklo                         (abs)        0000
___wmul                            text47       1530
___wmul@multiplicand               cstackCOMMON 0074
___wmul@multiplier                 cstackCOMMON 0072
___wmul@product                    cstackCOMMON 0076
__end_of___awdiv                   text31       0C42
__end_of___awmod                   text30       0B78
__end_of___bmul                    text27       1497
__end_of___lldiv                   text17       0CAA
__end_of___lwdiv                   text49       1800
__end_of___lwmod                   text48       177F
__end_of___wmul                    text47       1555
__end_of__initialization           cinit        0045
__end_of__stringtab                strings      1012
__end_of_change_time               text34       0317
__end_of_clcd_print                text45       16AB
__end_of_clcd_putch                text44       1482
__end_of_clcd_write                text46       1745
__end_of_clear_log                 text32       15A2
__end_of_clear_screen              text33       1435
__end_of_display_dashboard         text28       0AC8
__end_of_display_logs              text2        0EE4
__end_of_display_time              text29       0A71
__end_of_download_log              text23       1000
__end_of_eeprom_at24c04_byte_write text13       14EC
__end_of_eeprom_at24c04_read       text26       15F8
__end_of_eeprom_at24c04_str_write  text12       167C
__end_of_get_time                  text36       09CB
__end_of_i2c_read                  text42       150D
__end_of_i2c_rep_start             text39       13F4
__end_of_i2c_start                 text41       13E0
__end_of_i2c_stop                  text40       13E9
__end_of_i2c_wait_for_idle         text43       1417
__end_of_i2c_write                 text38       13FF
__end_of_init_adc                  text22       13CF
__end_of_init_clcd                 text20       097E
__end_of_init_config               text14       1623
__end_of_init_digital_keypad       text19       0800
__end_of_init_display_controller   text21       0BDB
__end_of_init_ds1307               text18       145A
__end_of_init_i2c                  text16       170F
__end_of_init_timer2               text15       1424
__end_of_isr                       text50       16DD
__end_of_log_car_event             text9        0B1F
__end_of_log_event                 text11       164F
__end_of_login                     text7        073D
__end_of_main                      maintext     059F
__end_of_menu_screen               text6        0DCE
__end_of_putchar                   text25       140A
__end_of_puts                      text24       157B
__end_of_read_adc                  text5        1447
__end_of_read_digital_keypad       text4        0D2F
__end_of_read_ds1307               text37       15CD
__end_of_strcpy                    text3        1530
__end_of_strncmp                   text8        0A1B
__end_of_strncpy                   text10       17BA
__end_of_view_log                  text1        07FA
__end_of_write_ds1307              text35       14CE
__initialization                   cinit        000F
__pbssBANK0                        bssBANK0     004B
__pbssBANK1                        bssBANK1     00B9
__pcstackBANK0                     cstackBANK0  0020
__pcstackCOMMON                    cstackCOMMON 0070
__pdataBANK0                       dataBANK0    006E
__pdataBANK1                       dataBANK1    00A0
__pdataCOMMON                      dataCOMMON   007A
__pidataBANK0                      idataBANK0   13C4
__pidataBANK1                      idataBANK1   1497
__pidataCOMMON                     idataCOMMON  13C6
__pintentry                        intentry     0004
__pmaintext                        maintext     0317
__pstrings                         strings      1000
__pstringtext                      stringtext   0800
__ptext1                           text1        073D
__ptext10                          text10       177F
__ptext11                          text11       1623
__ptext12                          text12       164F
__ptext13                          text13       14CE
__ptext14                          text14       15F8
__ptext15                          text15       1417
__ptext16                          text16       16DD
__ptext17                          text17       0C42
__ptext18                          text18       1447
__ptext19                          text19       07FA
__ptext2                           text2        0DCE
__ptext20                          text20       0973
__ptext21                          text21       0B78
__ptext22                          text22       13C8
__ptext23                          text23       0EE4
__ptext24                          text24       1555
__ptext25                          text25       13FF
__ptext26                          text26       15CD
__ptext27                          text27       1482
__ptext28                          text28       0A71
__ptext29                          text29       0A1B
__ptext3                           text3        150D
__ptext30                          text30       0B1F
__ptext31                          text31       0BDB
__ptext32                          text32       157B
__ptext33                          text33       1424
__ptext34                          text34       0049
__ptext35                          text35       14B0
__ptext36                          text36       097E
__ptext37                          text37       15A2
__ptext38                          text38       13F4
__ptext39                          text39       13E9
__ptext4                           text4        0CAA
__ptext40                          text40       13E0
__ptext41                          text41       13D7
__ptext42                          text42       14EC
__ptext43                          text43       140A
__ptext44                          text44       146D
__ptext45                          text45       167C
__ptext46                          text46       170F
__ptext47                          text47       1530
__ptext48                          text48       1745
__ptext49                          text49       17BA
__ptext5                           text5        1435
__ptext50                          text50       16AB
__ptext6                           text6        0D2F
__ptext7                           text7        059F
__ptext8                           text8        09CB
__ptext9                           text9        0AC8
__stringbase                       strings      1012
__stringtab                        strings      1000
_change_time                       text34       0049
_clcd_print                        text45       167C
_clcd_putch                        text44       146D
_clcd_write                        text46       170F
_clear_log                         text32       157B
_clear_screen                      text33       1424
_clock_reg                         bssBANK0     0051
_display_dashboard                 text28       0A71
_display_logs                      text2        0DCE
_display_time                      text29       0A1B
_download_log                      text23       0EE4
_eeprom_at24c04_byte_write         text13       14CE
_eeprom_at24c04_read               text26       15CD
_eeprom_at24c04_str_write          text12       164F
_get_time                          text36       097E
_i2c_read                          text42       14EC
_i2c_rep_start                     text39       13E9
_i2c_start                         text41       13D7
_i2c_stop                          text40       13E0
_i2c_wait_for_idle                 text43       140A
_i2c_write                         text38       13F4
_index                             bssBANK0     005A
_init_adc                          text22       13C8
_init_clcd                         text20       0973
_init_config                       text14       15F8
_init_digital_keypad               text19       07FA
_init_display_controller           text21       0B78
_init_ds1307                       text18       1447
_init_i2c                          text16       16DD
_init_timer2                       text15       1417
_isr                               text50       16AB
_log                               bssBANK1     00B9
_log_car_event                     text9        0AC8
_log_event                         text11       1623
_login                             text7        059F
_main                              maintext     0317
_menu                              dataBANK1    00AC
_menu_screen                       text6        0D2F
_nDONE                             (abs)        00FA
_pos                               dataCOMMON   007A
_putchar                           text25       13FF
_puts                              text24       1555
_read_adc                          text5        1435
_read_digital_keypad               text4        0CAA
_read_digital_keypad$221           cstackCOMMON 0073
_read_ds1307                       text37       15A2
_ret_time                          bssBANK0     0064
_ret_time_edit                     bssBANK0     0066
_roll_over_flag                    bssBANK0     005C
_sec                               bssBANK0     0065
_strcpy                            text3        150D
_strncmp                           text8        09CB
_strncpy                           text10       177F
_time                              bssBANK0     0067
_view_log                          text1        073D
_write_ds1307                      text35       14B0
btemp                              (abs)        007E
change_time@blink                  bssBANK0     005F
change_time@blink_pos              bssBANK0     0058
change_time@buffer                 cstackBANK0  002B
change_time@key                    cstackBANK0  002A
change_time@new_time               bssBANK0     004B
change_time@reset_time             cstackBANK0  0025
change_time@t_done                 bssBANK0     005E
change_time@wait                   bssBANK0     0060
clcd_print@addr                    cstackCOMMON 0078
clcd_print@str                     cstackCOMMON 0076
clcd_putch@addr                    cstackBANK0  0023
clcd_putch@data                    cstackBANK0  0024
clcd_write@byte                    cstackCOMMON 0075
clcd_write@mode                    cstackCOMMON 0072
clear_ram0                         clrtext      13CF
display_dashboard@event            cstackBANK0  0028
display_dashboard@speed            cstackBANK0  0025
display_logs@i                     cstackBANK0  0025
download_log@add                   cstackBANK0  002B
download_log@i                     cstackBANK0  0030
download_log@index                 cstackBANK0  002E
download_log@log                   cstackBANK0  0020
download_log@position              cstackBANK0  002C
eeprom_at24c04_byte_write@addr     cstackCOMMON 0074
eeprom_at24c04_byte_write@data     cstackCOMMON 0073
eeprom_at24c04_read@addr           cstackCOMMON 0074
eeprom_at24c04_read@data           cstackCOMMON 0075
eeprom_at24c04_str_write@addr      cstackCOMMON 0077
eeprom_at24c04_str_write@data      cstackCOMMON 0075
end_of_initialization              cinit        0045
i2c_read@ack                       cstackCOMMON 0072
i2c_read@data                      cstackCOMMON 0073
i2c_write@data                     cstackCOMMON 0072
init_ds1307@dummy                  cstackCOMMON 0076
init_fetch0                        inittext     145A
init_i2c@baud                      cstackBANK0  0026
init_ram0                          inittext     145E
interrupt_function                 intentry     0004
intlevel0                          functab      0000
intlevel1                          functab      0000
intlevel2                          functab      0000
intlevel3                          functab      0000
intlevel4                          functab      0000
intlevel5                          functab      0000
isr@count                          bssBANK0     0054
log_car_event@event                cstackBANK0  0023
log_car_event@speed                cstackBANK0  0020
log_event@addr                     cstackCOMMON 0078
login@attempt_left                 bssBANK0     0061
login@i                            bssBANK0     0062
login@j                            cstackBANK0  002E
login@key                          cstackBANK0  002D
login@reset_flag                   cstackBANK0  0025
login@s_password                   cstackBANK0  0029
login@u_password                   bssBANK1     00C4
main@F1220                         dataBANK1    00B6
main@F1226                         dataBANK1    00A0
main@control_flag                  cstackBANK0  0049
main@event                         cstackBANK0  0043
main@gear                          cstackBANK0  0036
main@gr                            cstackBANK0  0046
main@key                           cstackBANK0  004A
main@menu                          cstackBANK0  0042
main@reset_flag                    cstackBANK0  0048
main@speed                         cstackBANK0  0047
menu_screen@key                    cstackBANK0  0028
menu_screen@menu_pos               bssBANK0     0063
menu_screen@reset_flag             cstackBANK0  0025
putchar@data                       cstackCOMMON 0072
puts@s                             cstackCOMMON 0073
read_adc@adc_reg_val               cstackCOMMON 0074
read_digital_keypad@key            cstackCOMMON 0076
read_digital_keypad@long_press     bssBANK0     0056
read_digital_keypad@mode           cstackCOMMON 0072
read_digital_keypad@once           dataBANK0    006F
read_digital_keypad@switch_state   dataBANK0    006E
read_digital_keypad@temp           cstackCOMMON 0075
read_ds1307@addr                   cstackCOMMON 0074
read_ds1307@data                   cstackCOMMON 0075
reset_vec                          reset_vec    0000
saved_w                            (abs)        007E
start                              init         000C
start_initialization               cinit        000F
strcpy@d                           cstackCOMMON 0076
strcpy@dest                        cstackCOMMON 0077
strcpy@src                         cstackCOMMON 0072
strncmp@l                          cstackCOMMON 0077
strncmp@n                          cstackCOMMON 0073
strncmp@r                          cstackCOMMON 0072
strncpy@cp                         cstackCOMMON 0076
strncpy@d                          cstackCOMMON 0075
strncpy@n                          cstackCOMMON 0073
strncpy@s                          cstackCOMMON 0072
view_log@key                       cstackBANK0  002B
view_log@reset_flag                cstackBANK0  0027
write_ds1307@addr                  cstackCOMMON 0074
write_ds1307@data                  cstackCOMMON 0073
wtemp0                             (abs)        007E


MODULE INFORMATION

Module		Function		Class		Link	Load	Size
car_black_box.c
		_view_log      		CODE           	073D	0000	189
		_log_car_event 		CODE           	0AC8	0000	87
		_display_time  		CODE           	0A1B	0000	86
		_display_logs  		CODE           	0DCE	0000	278
		_menu_screen   		CODE           	0D2F	0000	159
		_display_dashboard		CODE           	0A71	0000	87
		_get_time      		CODE           	097E	0000	77
		_clear_screen  		CODE           	1424	0000	17
		_download_log  		CODE           	0EE4	0000	284
		_log_event     		CODE           	1623	0000	44
		_clear_log     		CODE           	157B	0000	39
		_change_time   		CODE           	0049	0000	718
		_login         		CODE           	059F	0000	414

car_black_box.c estimated size: 2479

timers.c
		_init_timer2   		CODE           	1417	0000	13

timers.c estimated size: 13

digital_keypad.c
		_init_digital_keypad		CODE           	07FA	0000	6
		_read_digital_keypad		CODE           	0CAA	0000	133

digital_keypad.c estimated size: 139

uart.c
		_puts          		CODE           	1555	0000	38
		_putchar       		CODE           	13FF	0000	11

uart.c estimated size: 49

C:\Program Files\Microchip\xc8\v2.46\pic\sources\c99\common\lwdiv.c
		___lwdiv       		CODE           	17BA	0000	70

C:\Program Files\Microchip\xc8\v2.46\pic\sources\c99\common\lwdiv.c estimated size: 70

C:\Program Files\Microchip\xc8\v2.46\pic\sources\c99\common\awdiv.c
		___awdiv       		CODE           	0BDB	0000	103

C:\Program Files\Microchip\xc8\v2.46\pic\sources\c99\common\awdiv.c estimated size: 103

i2c.c
		_i2c_start     		CODE           	13D7	0000	9
		_i2c_rep_start 		CODE           	13E9	0000	11
		_i2c_write     		CODE           	13F4	0000	11
		_i2c_stop      		CODE           	13E0	0000	9
		_i2c_read      		CODE           	14EC	0000	33
		_init_i2c      		CODE           	16DD	0000	50
		_i2c_wait_for_idle		CODE           	140A	0000	13

i2c.c estimated size: 136

C:\Program Files\Microchip\xc8\v2.46\pic\sources\c99\common\Umul8.c
		___bmul        		CODE           	1482	0000	21

C:\Program Files\Microchip\xc8\v2.46\pic\sources\c99\common\Umul8.c estimated size: 21

C:\Program Files\Microchip\xc8\v2.46\pic\sources\c99\common\strncmp.c
		_strncmp       		CODE           	09CB	0000	80

C:\Program Files\Microchip\xc8\v2.46\pic\sources\c99\common\strncmp.c estimated size: 80

C:\Program Files\Microchip\xc8\v2.46\pic\sources\c99\common\strncpy.c
		_strncpy       		CODE           	177F	0000	59

C:\Program Files\Microchip\xc8\v2.46\pic\sources\c99\common\strncpy.c estimated size: 59

C:\Program Files\Microchip\xc8\v2.46\pic\sources\c99\common\strcpy.c
		_strcpy        		CODE           	150D	0000	35

C:\Program Files\Microchip\xc8\v2.46\pic\sources\c99\common\strcpy.c estimated size: 35

ds1307.c
		_read_ds1307   		CODE           	15A2	0000	43
		_write_ds1307  		CODE           	14B0	0000	30
		_init_ds1307   		CODE           	1447	0000	19

ds1307.c estimated size: 92

adc.c
		_init_adc      		CODE           	13C8	0000	7
		_read_adc      		CODE           	1435	0000	18

adc.c estimated size: 25

isr.c
		_isr           		CODE           	16AB	0000	50

isr.c estimated size: 50

external_eeprom.c
		_eeprom_at24c04_byte_write		CODE           	14CE	0000	30
		_eeprom_at24c04_read		CODE           	15CD	0000	43
		_eeprom_at24c04_str_write		CODE           	164F	0000	45

external_eeprom.c estimated size: 118

shared
		__stringtab    		STRING         	1000	0000	18
		__initialization		CODE           	000F	0000	54

shared estimated size: 72

C:\Program Files\Microchip\xc8\v2.46\pic\sources\c99\common\__lldiv.c
		___lldiv       		CODE           	0C42	0000	104

C:\Program Files\Microchip\xc8\v2.46\pic\sources\c99\common\__lldiv.c estimated size: 104

clcd.c
		_clcd_write    		CODE           	170F	0000	54
		_clcd_print    		CODE           	167C	0000	47
		_clcd_putch    		CODE           	146D	0000	21
		_init_display_controller		CODE           	0B78	0000	99
		_init_clcd     		CODE           	0973	0000	11

clcd.c estimated size: 232

C:\Program Files\Microchip\xc8\v2.46\pic\sources\c99\common\Umul16.c
		___wmul        		CODE           	1530	0000	37

C:\Program Files\Microchip\xc8\v2.46\pic\sources\c99\common\Umul16.c estimated size: 37

C:\Program Files\Microchip\xc8\v2.46\pic\sources\c99\common\lwmod.c
		___lwmod       		CODE           	1745	0000	58

C:\Program Files\Microchip\xc8\v2.46\pic\sources\c99\common\lwmod.c estimated size: 58

C:\Program Files\Microchip\xc8\v2.46\pic\sources\c99\common\awmod.c
		___awmod       		CODE           	0B1F	0000	89

C:\Program Files\Microchip\xc8\v2.46\pic\sources\c99\common\awmod.c estimated size: 89

main.c
		_main          		CODE           	0317	0000	648
		_init_config   		CODE           	15F8	0000	43

main.c estimated size: 691

