Microchip MPLAB XC8 Compiler V2.46

Linker command line:

-W-3 \
  --edf=C:\Program Files\Microchip\xc8\v2.46\pic\dat\20240104201356_en.msgs \
  -cn -h+dist/default/production\CarBlackBox.X.production.sym \
  --cmf=dist/default/production\CarBlackBox.X.production.cmf -z -Q16F877A \
  -oC:\Users\USER\AppData\Local\Temp\xcAs7oc.\driver_tmp_3.o \
  --defsym=__MPLAB_BUILD=1 --fixupoverflow=error \
  -Mdist/default/production/CarBlackBox.X.production.map \
  --md=C:\Users\USER\AppData\Local\Temp\xcAs7oc.\driver_tmp_0.dat -E1 \
  -ver=XC8 Compiler --acfsm=1493 -ACODE=00h-07FFhx4 -ASTRCODE=00h-01FFFh \
  -ASTRING=00h-0FFhx32 -ACONST=00h-0FFhx32 -AENTRY=00h-0FFhx32 \
  -ACOMMON=070h-07Fh -ABANK0=020h-06Fh -ABANK1=0A0h-0EFh \
  -ABANK2=0110h-016Fh -ABANK3=0190h-01EFh \
  -ARAM=020h-06Fh,0A0h-0EFh,0110h-016Fh,0190h-01EFh \
  -AABS1=020h-07Fh,0A0h-0EFh,0110h-016Fh,0190h-01EFh -ASFR0=00h-01Fh \
  -ASFR1=080h-09Fh -ASFR2=0100h-010Fh -ASFR3=0180h-018Fh \
  -ACONFIG=02007h-02007h -DCONFIG=2 -AIDLOC=02000h-02003h -DIDLOC=2 \
  -AEEDATA=00h-0FFh/02100h -peeprom_data=EEDATA -DEEDATA=2 -DCODE=2 \
  -DSTRCODE=2 -DSTRING=2 -DCONST=2 -DENTRY=2 \
  -preset_vec=00h,intentry=04h,sivt,init,end_init -ppowerup=CODE \
  -pcinit=CODE -pfunctab=ENTRY -k \
  C:\Users\USER\AppData\Local\Temp\xcAs7oc.\driver_tmp_12.o \
  dist/default/production\CarBlackBox.X.production.o 

Object code version is 3.11

Machine type is 16F877A



                Name                               Link     Load   Length Selector   Space Scale
C:\Users\USER\AppData\Local\Temp\xcAs7oc.\driver_tmp_12.o
                end_init                              C        C        3        8       0
                reset_vec                             0        0        3        0       0
                config                             2007     2007        1        0       4
dist/default/production\CarBlackBox.X.production.o
                cinit                                 F        F       2E        8       0
                intentry                              4        4        8        8       0
                config                             2007     2007        1        0       4
                text43                              B8F      B8F       32     171E       0
                text42                              C64      C64       46     18C8       0
                text41                              F02      F02       67     1E04       0
                text40                              E46      E46       59     1C8C       0
                text39                              BF3      BF3       36     17E6       0
                text38                              B60      B60       2F     16C0       0
                text37                              9E4      9E4       15     13C8       0
                text36                              971      971        D     12E2       0
                text35                              A65      A65       21     14CA       0
                text34                              93E      93E        9     127C       0
                text33                              947      947        9     128E       0
                text32                              950      950        B     12A0       0
                text31                              95B      95B        B     12B6       0
                text30                              A86      A86       2B     150C       0
                text29                              CAA      CAA       4D     1954       0
                text28                              D99      D99       56     1B32       0
                text27                              DEF      DEF       57     1BDE       0
                text26                              937      937        7     126E       0
                text25                              E9F      E9F       63     1D3E       0
                text24                              966      966        B     12CC       0
                text23                              931      931        6     1262       0
                text22                              A29      A29       1E     1452       0
                text21                              9BE      9BE       13     137C       0
                text20                              798      798       68      DB6       0
                text19                              BC1      BC1       32     1782       0
                text18                              97E      97E        D     12FC       0
                text17                              AB1      AB1       2B     1562       0
                text16                              9F9      9F9       15     13F2       0
                text15                              A47      A47       1E     148E       0
                text14                              B33      B33       2D     1666       0
                text13                              B07      B07       2C     160E       0
                text12                              C29      C29       3B     1852       0
                text11                              D47      D47       52     1A8E       0
                text10                              99B      99B       11     1336       0
                text9                               ADC      ADC       2B     15B8       0
                text8                               CF7      CF7       50     19EE       0
                text7                               2BE      2BE      19A        8       0
                text6                               F69      F69       97     1ED2       0
                text5                               9AC      9AC       12     1358       0
                text4                               573      573       85        8       0
                text3                               A0E      A0E       1B     141C       0
                text2                               458      458      11B        8       0
                text1                               6DB      6DB       BD      DB6       0
                maintext                             3D       3D      281        8       0
                cstackBANK0                          3C       3C       12       20       1
                cstackCOMMON                         70       70        A       70       1
                cstackBANK1                          A0       A0       13       A0       1
                clrtext                             5F8      5F8        8        8       0
                inittext                            9D1      9D1       13     13A2       0
                bssBANK1                             B3       B3        B       A0       1
                dataBANK0                            4E       4E       10       20       1
                bssBANK0                             20       20       1C       20       1
                dataCOMMON                           7A       7A        2       70       1
                strings                             600      600       DB      C00       0
                idataBANK0                          98B      98B       10     1316       0
                idataCOMMON                         92F      92F        2     125E       0

TOTAL           Name                               Link     Load   Length     Space
        CLASS   CODE           
                end_init                              C        C        3         0
                cinit                                 F        F       2E         0
                intentry                              4        4        8         0
                reset_vec                             0        0        3         0
                text43                              B8F      B8F       32         0
                text42                              C64      C64       46         0
                text41                              F02      F02       67         0
                text40                              E46      E46       59         0
                text39                              BF3      BF3       36         0
                text38                              B60      B60       2F         0
                text37                              9E4      9E4       15         0
                text36                              971      971        D         0
                text35                              A65      A65       21         0
                text34                              93E      93E        9         0
                text33                              947      947        9         0
                text32                              950      950        B         0
                text31                              95B      95B        B         0
                text30                              A86      A86       2B         0
                text29                              CAA      CAA       4D         0
                text28                              D99      D99       56         0
                text27                              DEF      DEF       57         0
                text26                              937      937        7         0
                text25                              E9F      E9F       63         0
                text24                              966      966        B         0
                text23                              931      931        6         0
                text22                              A29      A29       1E         0
                text21                              9BE      9BE       13         0
                text20                              798      798       68         0
                text19                              BC1      BC1       32         0
                text18                              97E      97E        D         0
                text17                              AB1      AB1       2B         0
                text16                              9F9      9F9       15         0
                text15                              A47      A47       1E         0
                text14                              B33      B33       2D         0
                text13                              B07      B07       2C         0
                text12                              C29      C29       3B         0
                text11                              D47      D47       52         0
                text10                              99B      99B       11         0
                text9                               ADC      ADC       2B         0
                text8                               CF7      CF7       50         0
                text7                               2BE      2BE      19A         0
                text6                               F69      F69       97         0
                text5                               9AC      9AC       12         0
                text4                               573      573       85         0
                text3                               A0E      A0E       1B         0
                text2                               458      458      11B         0
                text1                               6DB      6DB       BD         0
                maintext                             3D       3D      281         0
                clrtext                             5F8      5F8        8         0
                inittext                            9D1      9D1       13         0
                idataBANK0                          98B      98B       10         0
                idataCOMMON                         92F      92F        2         0

        CLASS   STRCODE        

        CLASS   STRING         
                strings                             600      600       DB         0

        CLASS   CONST          

        CLASS   ENTRY          

        CLASS   COMMON         
                cstackCOMMON                         70       70        A         1
                dataCOMMON                           7A       7A        2         1

        CLASS   BANK0          
                cstackBANK0                          3C       3C       12         1
                dataBANK0                            4E       4E       10         1
                bssBANK0                             20       20       1C         1

        CLASS   BANK1          
                cstackBANK1                          A0       A0       13         1
                bssBANK1                             B3       B3        B         1

        CLASS   BANK2          

        CLASS   BANK3          

        CLASS   RAM            

        CLASS   ABS1           
                abs_s1                               7E       7E        2         1

        CLASS   SFR0           

        CLASS   SFR1           

        CLASS   SFR2           

        CLASS   SFR3           

        CLASS   CONFIG         
                config                             2007     2007        1         4

        CLASS   IDLOC          

        CLASS   EEDATA         

        CLASS   HEAP           

        CLASS   STACK          



SEGMENTS        Name                           Load    Length   Top    Selector   Space  Class     Delta

                reset_vec                      000000  000003  000003         0       0  CODE        2
                intentry                       000004  0005FC  000600         8       0  CODE        2
                bssBANK0                       000020  00003E  00005E        20       1  BANK0       1
                cstackCOMMON                   000070  00000C  00007C        70       1  COMMON      1
                cstackBANK1                    0000A0  00001E  0000BE        A0       1  BANK1       1
                strings                        000600  0000DB  0006DB       C00       0  STRING      2
                text1                          0006DB  000125  000800       DB6       0  CODE        2
                idataCOMMON                    00092F  000002  000931      125E       0  CODE        2
                text23                         000931  000006  000937      1262       0  CODE        2
                text26                         000937  000007  00093E      126E       0  CODE        2
                text34                         00093E  000009  000947      127C       0  CODE        2
                text33                         000947  000009  000950      128E       0  CODE        2
                text32                         000950  00000B  00095B      12A0       0  CODE        2
                text31                         00095B  00000B  000966      12B6       0  CODE        2
                text24                         000966  00000B  000971      12CC       0  CODE        2
                text36                         000971  00000D  00097E      12E2       0  CODE        2
                text18                         00097E  00000D  00098B      12FC       0  CODE        2
                idataBANK0                     00098B  000010  00099B      1316       0  CODE        2
                text10                         00099B  000011  0009AC      1336       0  CODE        2
                text5                          0009AC  000012  0009BE      1358       0  CODE        2
                text21                         0009BE  000013  0009D1      137C       0  CODE        2
                inittext                       0009D1  000013  0009E4      13A2       0  CODE        2
                text37                         0009E4  000015  0009F9      13C8       0  CODE        2
                text16                         0009F9  000015  000A0E      13F2       0  CODE        2
                text3                          000A0E  00001B  000A29      141C       0  CODE        2
                text22                         000A29  00001E  000A47      1452       0  CODE        2
                text15                         000A47  00001E  000A65      148E       0  CODE        2
                text35                         000A65  000021  000A86      14CA       0  CODE        2
                text30                         000A86  00002B  000AB1      150C       0  CODE        2
                text17                         000AB1  00002B  000ADC      1562       0  CODE        2
                text9                          000ADC  00002B  000B07      15B8       0  CODE        2
                text13                         000B07  00002C  000B33      160E       0  CODE        2
                text14                         000B33  00002D  000B60      1666       0  CODE        2
                text38                         000B60  00002F  000B8F      16C0       0  CODE        2
                text43                         000B8F  000032  000BC1      171E       0  CODE        2
                text19                         000BC1  000032  000BF3      1782       0  CODE        2
                text39                         000BF3  000036  000C29      17E6       0  CODE        2
                text12                         000C29  00003B  000C64      1852       0  CODE        2
                text42                         000C64  000046  000CAA      18C8       0  CODE        2
                text29                         000CAA  00004D  000CF7      1954       0  CODE        2
                text8                          000CF7  000050  000D47      19EE       0  CODE        2
                text11                         000D47  000052  000D99      1A8E       0  CODE        2
                text28                         000D99  000056  000DEF      1B32       0  CODE        2
                text27                         000DEF  000057  000E46      1BDE       0  CODE        2
                text40                         000E46  000059  000E9F      1C8C       0  CODE        2
                text25                         000E9F  000063  000F02      1D3E       0  CODE        2
                text41                         000F02  000067  000F69      1E04       0  CODE        2
                text6                          000F69  000097  001000      1ED2       0  CODE        2


UNUSED ADDRESS RANGES

        Name                Unused          Largest block    Delta
        BANK0            005E-006F             12           1
        BANK1            00BE-00EF             32           1
        BANK2            0110-016F             60           1
        BANK3            0190-01EF             60           1
        CODE             0003-0003              1           2
                         0800-092E            12F
                         1000-1FFF            800
        COMMON           007C-007D              2           1
        CONST            0003-0003              1           2
                         0800-092E            100
                         1000-1FFF            100
        EEDATA           2100-21FF            100           2
        ENTRY            0003-0003              1           2
                         0800-092E            100
                         1000-1FFF            100
        IDLOC            2000-2003              4           2
        RAM              005E-006F             12           1
                         00BE-00EF             32
                         0110-016F             60
                         0190-01EF             60
        SFR0             0000-001F             20           1
        SFR1             0080-009F             20           1
        SFR2             0100-010F             10           1
        SFR3             0180-018F             10           1
        STRCODE          0003-0003              1           2
                         0800-092E            12F
                         1000-1FFF           1000
        STRING           0003-0003              1           2
                         0800-092E            100
                         1000-1FFF            100

                                  Symbol Table

?___awdiv                          cstackCOMMON 0072
?___awmod                          cstackCOMMON 0072
?___lldiv                          cstackCOMMON 0072
?___lwdiv                          cstackCOMMON 0076
?_read_adc                         cstackCOMMON 0072
?_strncmp                          cstackCOMMON 0072
_ACKDT                             (abs)        048D
_ACKEN                             (abs)        048C
_ACKSTAT                           (abs)        048E
_ADFM                              (abs)        04FF
_ADON                              (abs)        00F8
_ADRESH                            (abs)        001E
_ADRESL                            (abs)        009E
_CREN                              (abs)        00C4
_GIE                               (abs)        005F
_GO                                (abs)        00FA
_PEIE                              (abs)        005E
_PEN                               (abs)        048A
_PORTB                             (abs)        0006
_PORTD                             (abs)        0008
_PR2                               (abs)        0092
_PSA                               (abs)        040B
_RCEN                              (abs)        048B
_RCIF                              (abs)        0065
_RCREG                             (abs)        001A
_RE1                               (abs)        0049
_RE2                               (abs)        004A
_R_nW                              (abs)        04A2
_SEN                               (abs)        0488
_SPBRG                             (abs)        0099
_SPEN                              (abs)        00C7
_SSPADD                            (abs)        0093
_SSPBUF                            (abs)        0013
_SSPCON2                           (abs)        0091
_SSPEN                             (abs)        00A5
_SSPM3                             (abs)        00A3
_T0CS                              (abs)        040D
_T2CKPS0                           (abs)        0090
_T2CKPS1                           (abs)        0091
_TMR0                              (abs)        0001
_TMR0IE                            (abs)        005D
_TMR2IE                            (abs)        0461
_TMR2IF                            (abs)        0061
_TMR2ON                            (abs)        0092
_TRISB                             (abs)        0086
_TRISD                             (abs)        0088
_TRISE1                            (abs)        0449
_TRISE2                            (abs)        044A
_TXIF                              (abs)        0064
_TXREG                             (abs)        0019
__H__absolute__                    __absolute__ 0000
__Habs1                            abs1         0000
__Hbank0                           bank0        0000
__Hbank1                           bank1        0000
__Hbank2                           bank2        0000
__Hbank3                           bank3        0000
__HbssBANK0                        bssBANK0     0000
__HbssBANK1                        bssBANK1     0000
__Hcinit                           cinit        003D
__Hclrtext                         clrtext      0000
__Hcode                            code         0000
__Hcommon                          common       0000
__Hconfig                          config       2008
__HcstackBANK0                     cstackBANK0  0000
__HcstackBANK1                     cstackBANK1  0000
__HcstackCOMMON                    cstackCOMMON 0000
__HdataBANK0                       dataBANK0    0000
__HdataCOMMON                      dataCOMMON   0000
__Heeprom_data                     eeprom_data  0000
__Hend_init                        end_init     000F
__Hfunctab                         functab      0000
__Hheap                            heap         0000
__HidataBANK0                      idataBANK0   0000
__HidataCOMMON                     idataCOMMON  0000
__Hinit                            init         000C
__Hinittext                        inittext     0000
__Hintentry                        intentry     000C
__Hmaintext                        maintext     0000
__Hpowerup                         powerup      0000
__Hram                             ram          0000
__Hreset_vec                       reset_vec    0003
__Hsfr0                            sfr0         0000
__Hsfr1                            sfr1         0000
__Hsfr2                            sfr2         0000
__Hsfr3                            sfr3         0000
__Hsivt                            sivt         000C
__Hspace_0                         (abs)        1000
__Hspace_1                         (abs)        00BE
__Hspace_2                         (abs)        0000
__Hspace_3                         (abs)        0000
__Hspace_4                         (abs)        400F
__Hstack                           stack        0000
__Hstrings                         strings      0000
__Htext                            text         0000
__L__absolute__                    __absolute__ 0000
__Labs1                            abs1         0000
__Lbank0                           bank0        0000
__Lbank1                           bank1        0000
__Lbank2                           bank2        0000
__Lbank3                           bank3        0000
__LbssBANK0                        bssBANK0     0000
__LbssBANK1                        bssBANK1     0000
__Lcinit                           cinit        000F
__Lclrtext                         clrtext      0000
__Lcode                            code         0000
__Lcommon                          common       0000
__Lconfig                          config       0000
__LcstackBANK0                     cstackBANK0  0000
__LcstackBANK1                     cstackBANK1  0000
__LcstackCOMMON                    cstackCOMMON 0000
__LdataBANK0                       dataBANK0    0000
__LdataCOMMON                      dataCOMMON   0000
__Leeprom_data                     eeprom_data  0000
__Lend_init                        end_init     000C
__Lfunctab                         functab      0000
__Lheap                            heap         0000
__LidataBANK0                      idataBANK0   0000
__LidataCOMMON                     idataCOMMON  0000
__Linit                            init         000C
__Linittext                        inittext     0000
__Lintentry                        intentry     0004
__Lmaintext                        maintext     0000
__Lpowerup                         powerup      0000
__Lram                             ram          0000
__Lreset_vec                       reset_vec    0000
__Lsfr0                            sfr0         0000
__Lsfr1                            sfr1         0000
__Lsfr2                            sfr2         0000
__Lsfr3                            sfr3         0000
__Lsivt                            sivt         000C
__Lspace_0                         (abs)        0000
__Lspace_1                         (abs)        0000
__Lspace_2                         (abs)        0000
__Lspace_3                         (abs)        0000
__Lspace_4                         (abs)        0000
__Lstack                           stack        0000
__Lstrings                         strings      0000
__Ltext                            text         0000
__S0                               (abs)        1000
__S1                               (abs)        00BE
__S3                               (abs)        0000
___awdiv                           text41       0F02
___awdiv@counter                   cstackCOMMON 0076
___awdiv@dividend                  cstackCOMMON 0074
___awdiv@divisor                   cstackCOMMON 0072
___awdiv@quotient                  cstackCOMMON 0078
___awdiv@sign                      cstackCOMMON 0077
___awmod                           text40       0E46
___awmod@counter                   cstackCOMMON 0076
___awmod@dividend                  cstackCOMMON 0074
___awmod@divisor                   cstackCOMMON 0072
___awmod@sign                      cstackCOMMON 0077
___bmul                            text16       09F9
___bmul@multiplicand               cstackCOMMON 0072
___bmul@multiplier                 cstackCOMMON 0074
___bmul@product                    cstackCOMMON 0073
___heap_hi                         (abs)        0000
___heap_lo                         (abs)        0000
___int_sp                          stack        0000
___int_stack_hi                    stack        0000
___int_stack_lo                    stack        0000
___latbits                         (abs)        0002
___lldiv                           text20       0798
___lldiv@counter                   cstackBANK0  0041
___lldiv@dividend                  cstackCOMMON 0076
___lldiv@divisor                   cstackCOMMON 0072
___lldiv@quotient                  cstackBANK0  003D
___lwdiv                           text42       0C64
___lwdiv@counter                   cstackBANK0  003C
___lwdiv@dividend                  cstackCOMMON 0078
___lwdiv@divisor                   cstackCOMMON 0076
___lwdiv@quotient                  cstackBANK0  003D
___sp                              stack        0000
___stack_hi                        stack        0000
___stack_lo                        stack        0000
___stackhi                         (abs)        0000
___stacklo                         (abs)        0000
__end_of___awdiv                   text41       0F69
__end_of___awmod                   text40       0E9F
__end_of___bmul                    text16       0A0E
__end_of___lldiv                   text20       0800
__end_of___lwdiv                   text42       0CAA
__end_of__initialization           cinit        0039
__end_of__stringtab                strings      0610
__end_of_clcd_print                text38       0B8F
__end_of_clcd_putch                text37       09F9
__end_of_clcd_write                text39       0C29
__end_of_clear_screen              text10       09AC
__end_of_display_dashboard         text27       0E46
__end_of_display_logs              text2        0573
__end_of_display_time              text28       0DEF
__end_of_eeprom_at24c04_byte_write text15       0A65
__end_of_eeprom_at24c04_read       text9        0B07
__end_of_eeprom_at24c04_str_write  text14       0B60
__end_of_get_time                  text29       0CF7
__end_of_i2c_read                  text35       0A86
__end_of_i2c_rep_start             text32       095B
__end_of_i2c_start                 text34       0947
__end_of_i2c_stop                  text33       0950
__end_of_i2c_wait_for_idle         text36       097E
__end_of_i2c_write                 text31       0966
__end_of_init_adc                  text26       093E
__end_of_init_clcd                 text24       0971
__end_of_init_config               text17       0ADC
__end_of_init_digital_keypad       text23       0937
__end_of_init_display_controller   text25       0F02
__end_of_init_ds1307               text21       09D1
__end_of_init_i2c                  text19       0BF3
__end_of_init_timer2               text18       098B
__end_of_isr                       text43       0BC1
__end_of_log_car_event             text11       0D99
__end_of_log_event                 text13       0B33
__end_of_login                     text7        0458
__end_of_main                      maintext     02BE
__end_of_menu_screen               text6        1000
__end_of_read_adc                  text5        09BE
__end_of_read_digital_keypad       text4        05F8
__end_of_read_ds1307               text30       0AB1
__end_of_strcpy                    text3        0A29
__end_of_strncmp                   text8        0D47
__end_of_strncpy                   text12       0C64
__end_of_view_log                  text1        0798
__end_of_write_ds1307              text22       0A47
__initialization                   cinit        000F
__pbssBANK0                        bssBANK0     0020
__pbssBANK1                        bssBANK1     00B3
__pcstackBANK0                     cstackBANK0  003C
__pcstackBANK1                     cstackBANK1  00A0
__pcstackCOMMON                    cstackCOMMON 0070
__pdataBANK0                       dataBANK0    004E
__pdataCOMMON                      dataCOMMON   007A
__pidataBANK0                      idataBANK0   098B
__pidataCOMMON                     idataCOMMON  092F
__pintentry                        intentry     0004
__pmaintext                        maintext     003D
__pstrings                         strings      0600
__ptext1                           text1        06DB
__ptext10                          text10       099B
__ptext11                          text11       0D47
__ptext12                          text12       0C29
__ptext13                          text13       0B07
__ptext14                          text14       0B33
__ptext15                          text15       0A47
__ptext16                          text16       09F9
__ptext17                          text17       0AB1
__ptext18                          text18       097E
__ptext19                          text19       0BC1
__ptext2                           text2        0458
__ptext20                          text20       0798
__ptext21                          text21       09BE
__ptext22                          text22       0A29
__ptext23                          text23       0931
__ptext24                          text24       0966
__ptext25                          text25       0E9F
__ptext26                          text26       0937
__ptext27                          text27       0DEF
__ptext28                          text28       0D99
__ptext29                          text29       0CAA
__ptext3                           text3        0A0E
__ptext30                          text30       0A86
__ptext31                          text31       095B
__ptext32                          text32       0950
__ptext33                          text33       0947
__ptext34                          text34       093E
__ptext35                          text35       0A65
__ptext36                          text36       0971
__ptext37                          text37       09E4
__ptext38                          text38       0B60
__ptext39                          text39       0BF3
__ptext4                           text4        0573
__ptext40                          text40       0E46
__ptext41                          text41       0F02
__ptext42                          text42       0C64
__ptext43                          text43       0B8F
__ptext5                           text5        09AC
__ptext6                           text6        0F69
__ptext7                           text7        02BE
__ptext8                           text8        0CF7
__ptext9                           text9        0ADC
__stringbase                       strings      060F
__stringtab                        strings      0600
_clcd_print                        text38       0B60
_clcd_putch                        text37       09E4
_clcd_write                        text39       0BF3
_clear_screen                      text10       099B
_clock_reg                         bssBANK0     0020
_display_dashboard                 text27       0DEF
_display_logs                      text2        0458
_display_time                      text28       0D99
_eeprom_at24c04_byte_write         text15       0A47
_eeprom_at24c04_read               text9        0ADC
_eeprom_at24c04_str_write          text14       0B33
_get_time                          text29       0CAA
_i2c_read                          text35       0A65
_i2c_rep_start                     text32       0950
_i2c_start                         text34       093E
_i2c_stop                          text33       0947
_i2c_wait_for_idle                 text36       0971
_i2c_write                         text31       095B
_index                             bssBANK0     0027
_init_adc                          text26       0937
_init_clcd                         text24       0966
_init_config                       text17       0AB1
_init_digital_keypad               text23       0931
_init_display_controller           text25       0E9F
_init_ds1307                       text21       09BE
_init_i2c                          text19       0BC1
_init_timer2                       text18       097E
_isr                               text43       0B8F
_log                               bssBANK1     00B3
_log_car_event                     text11       0D47
_log_event                         text13       0B07
_login                             text7        02BE
_main                              maintext     003D
_menu                              dataBANK0    0054
_menu_screen                       text6        0F69
_nDONE                             (abs)        00FA
_pos                               dataBANK0    005C
_read_adc                          text5        09AC
_read_digital_keypad               text4        0573
_read_digital_keypad$176           cstackCOMMON 0074
_read_ds1307                       text30       0A86
_ret_time                          bssBANK0     002E
_ret_time_edit                     bssBANK0     0030
_roll_over_flag                    bssBANK0     0029
_sec                               bssBANK0     002F
_strcpy                            text3        0A0E
_strncmp                           text8        0CF7
_strncpy                           text12       0C29
_time                              bssBANK0     0031
_view_log                          text1        06DB
_write_ds1307                      text22       0A29
btemp                              (abs)        007E
clcd_print@addr                    cstackCOMMON 0078
clcd_print@str                     cstackCOMMON 0076
clcd_putch@addr                    cstackBANK0  003C
clcd_putch@data                    cstackBANK0  003D
clcd_write@byte                    cstackCOMMON 0075
clcd_write@mode                    cstackCOMMON 0072
clear_ram0                         clrtext      05F8
display_dashboard@event            cstackBANK0  0041
display_dashboard@speed            cstackBANK0  003E
display_logs@i                     cstackBANK0  003E
eeprom_at24c04_byte_write@addr     cstackCOMMON 0074
eeprom_at24c04_byte_write@data     cstackCOMMON 0073
eeprom_at24c04_read@addr           cstackCOMMON 0074
eeprom_at24c04_read@data           cstackCOMMON 0075
eeprom_at24c04_str_write@addr      cstackCOMMON 0077
eeprom_at24c04_str_write@data      cstackCOMMON 0075
end_of_initialization              cinit        0039
i2c_read@ack                       cstackCOMMON 0072
i2c_read@data                      cstackCOMMON 0073
i2c_write@data                     cstackCOMMON 0072
init_ds1307@dummy                  cstackCOMMON 0076
init_fetch0                        inittext     09D1
init_i2c@baud                      cstackBANK0  0042
init_ram0                          inittext     09D5
interrupt_function                 intentry     0004
intlevel0                          functab      0000
intlevel1                          functab      0000
intlevel2                          functab      0000
intlevel3                          functab      0000
intlevel4                          functab      0000
intlevel5                          functab      0000
isr@count                          bssBANK0     0023
log_car_event@event                cstackBANK0  003F
log_car_event@speed                cstackBANK0  003C
log_event@addr                     cstackCOMMON 0078
login@attempt_left                 bssBANK0     002B
login@i                            bssBANK0     002C
login@j                            cstackBANK0  0047
login@key                          cstackBANK0  0046
login@reset_flag                   cstackBANK0  003E
login@s_password                   cstackBANK0  0042
login@u_password                   bssBANK0     0038
main@F1211                         dataBANK0    0059
main@F1217                         dataBANK0    004E
main@control_flag                  cstackBANK1  00B1
main@event                         cstackBANK1  00A7
main@gear                          cstackBANK1  00A0
main@gr                            cstackBANK1  00AF
main@key                           cstackBANK1  00B2
main@l_press                       cstackBANK1  00AA
main@menu                          cstackBANK1  00A6
main@reset_flag                    cstackBANK1  00AE
main@speed                         cstackBANK1  00B0
menu_screen@key                    cstackBANK0  003F
menu_screen@menu_pos               bssBANK0     002D
menu_screen@reset_flag             cstackBANK0  003E
read_adc@adc_reg_val               cstackCOMMON 0074
read_digital_keypad@key            cstackCOMMON 0076
read_digital_keypad@long_press     bssBANK0     0025
read_digital_keypad@mode           cstackCOMMON 0072
read_digital_keypad@once           dataCOMMON   007B
read_digital_keypad@switch_state   dataCOMMON   007A
read_digital_keypad@temp           cstackCOMMON 0073
read_ds1307@addr                   cstackCOMMON 0074
read_ds1307@data                   cstackCOMMON 0075
reset_vec                          reset_vec    0000
saved_w                            (abs)        007E
start                              init         000C
start_initialization               cinit        000F
strcpy@d                           cstackCOMMON 0073
strcpy@dest                        cstackCOMMON 0074
strcpy@src                         cstackCOMMON 0072
strncmp@l                          cstackCOMMON 0077
strncmp@n                          cstackCOMMON 0073
strncmp@r                          cstackCOMMON 0072
strncpy@cp                         cstackCOMMON 0076
strncpy@d                          cstackCOMMON 0075
strncpy@n                          cstackCOMMON 0073
strncpy@s                          cstackCOMMON 0072
view_log@key                       cstackBANK0  0044
view_log@reset_flag                cstackBANK0  0040
write_ds1307@addr                  cstackCOMMON 0074
write_ds1307@data                  cstackCOMMON 0073
wtemp0                             (abs)        007E


MODULE INFORMATION

Module		Function		Class		Link	Load	Size
car_black_box.c
		_view_log      		CODE           	06DB	0000	189
		_log_car_event 		CODE           	0D47	0000	82
		_display_time  		CODE           	0D99	0000	86
		_display_logs  		CODE           	0458	0000	283
		_menu_screen   		CODE           	0F69	0000	151
		_display_dashboard		CODE           	0DEF	0000	87
		_get_time      		CODE           	0CAA	0000	77
		_clear_screen  		CODE           	099B	0000	17
		_log_event     		CODE           	0B07	0000	44
		_login         		CODE           	02BE	0000	410

car_black_box.c estimated size: 1426

timers.c
		_init_timer2   		CODE           	097E	0000	13

timers.c estimated size: 13

digital_keypad.c
		_init_digital_keypad		CODE           	0931	0000	6
		_read_digital_keypad		CODE           	0573	0000	133

digital_keypad.c estimated size: 139

C:\Program Files\Microchip\xc8\v2.46\pic\sources\c99\common\lwdiv.c
		___lwdiv       		CODE           	0C64	0000	70

C:\Program Files\Microchip\xc8\v2.46\pic\sources\c99\common\lwdiv.c estimated size: 70

C:\Program Files\Microchip\xc8\v2.46\pic\sources\c99\common\awdiv.c
		___awdiv       		CODE           	0F02	0000	103

C:\Program Files\Microchip\xc8\v2.46\pic\sources\c99\common\awdiv.c estimated size: 103

i2c.c
		_i2c_start     		CODE           	093E	0000	9
		_i2c_rep_start 		CODE           	0950	0000	11
		_i2c_write     		CODE           	095B	0000	11
		_i2c_stop      		CODE           	0947	0000	9
		_i2c_read      		CODE           	0A65	0000	33
		_init_i2c      		CODE           	0BC1	0000	50
		_i2c_wait_for_idle		CODE           	0971	0000	13

i2c.c estimated size: 136

C:\Program Files\Microchip\xc8\v2.46\pic\sources\c99\common\Umul8.c
		___bmul        		CODE           	09F9	0000	21

C:\Program Files\Microchip\xc8\v2.46\pic\sources\c99\common\Umul8.c estimated size: 21

C:\Program Files\Microchip\xc8\v2.46\pic\sources\c99\common\strncmp.c
		_strncmp       		CODE           	0CF7	0000	80

C:\Program Files\Microchip\xc8\v2.46\pic\sources\c99\common\strncmp.c estimated size: 80

C:\Program Files\Microchip\xc8\v2.46\pic\sources\c99\common\strncpy.c
		_strncpy       		CODE           	0C29	0000	59

C:\Program Files\Microchip\xc8\v2.46\pic\sources\c99\common\strncpy.c estimated size: 59

C:\Program Files\Microchip\xc8\v2.46\pic\sources\c99\common\strcpy.c
		_strcpy        		CODE           	0A0E	0000	27

C:\Program Files\Microchip\xc8\v2.46\pic\sources\c99\common\strcpy.c estimated size: 27

ds1307.c
		_read_ds1307   		CODE           	0A86	0000	43
		_write_ds1307  		CODE           	0A29	0000	30
		_init_ds1307   		CODE           	09BE	0000	19

ds1307.c estimated size: 92

adc.c
		_init_adc      		CODE           	0937	0000	7
		_read_adc      		CODE           	09AC	0000	18

adc.c estimated size: 25

isr.c
		_isr           		CODE           	0B8F	0000	50

isr.c estimated size: 50

external_eeprom.c
		_eeprom_at24c04_byte_write		CODE           	0A47	0000	30
		_eeprom_at24c04_read		CODE           	0ADC	0000	43
		_eeprom_at24c04_str_write		CODE           	0B33	0000	45

external_eeprom.c estimated size: 118

shared
		__stringtab    		STRING         	0600	0000	16
		__initialization		CODE           	000F	0000	42

shared estimated size: 58

C:\Program Files\Microchip\xc8\v2.46\pic\sources\c99\common\__lldiv.c
		___lldiv       		CODE           	0798	0000	104

C:\Program Files\Microchip\xc8\v2.46\pic\sources\c99\common\__lldiv.c estimated size: 104

clcd.c
		_clcd_write    		CODE           	0BF3	0000	54
		_clcd_print    		CODE           	0B60	0000	47
		_clcd_putch    		CODE           	09E4	0000	21
		_init_display_controller		CODE           	0E9F	0000	99
		_init_clcd     		CODE           	0966	0000	11

clcd.c estimated size: 232

C:\Program Files\Microchip\xc8\v2.46\pic\sources\c99\common\awmod.c
		___awmod       		CODE           	0E46	0000	89

C:\Program Files\Microchip\xc8\v2.46\pic\sources\c99\common\awmod.c estimated size: 89

main.c
		_main          		CODE           	003D	0000	641
		_init_config   		CODE           	0AB1	0000	43

main.c estimated size: 684

